
2:[31;1;1mN4L fail_5.in Declarations outside a section or chapter at line 2 [0m
