
4:[31;1;1mN4L fail_2.in WARNING: Something wrong, bad quoted string or mistaken back reference at line 4 [0m
