
3:[31;1;1mN4L fail_3.in Declarations outside a section or chapter at line 3 [0m
