
5:[31;1;1mN4L fail_1.in No such arrow has been declared in the configuration: pinyin at line 5 [0m
