
------------------------------------
Parsing new file N4Lconfig.in
------------------------------------


1:[31;1;4mN4L N4Lconfig.in No file found in the name N4Lconfig.in at line 1 [0m
